[www.brrsoftwares.com/index.html]
[backblue.gif]
[fade.gif]
[index.html]
[brrsoftwares.com/assets/img/logo/brr_softwares_whatsapp_link_icon.png]
[www.brrsoftwares.com/assets/img/favicon.ico]
[www.brrsoftwares.com/assets/img/logo/brr-loader.png]
[www.brrsoftwares.com/about.html]
[www.brrsoftwares.com/login.html]
[www.brrsoftwares.com/index-2.html]
[www.brrsoftwares.com/assets/img/logo/brr-logo-v1.png]
[www.brrsoftwares.com/services.html]
[www.brrsoftwares.com/careers.html]
[www.brrsoftwares.com/cbp_details.html]
[www.brrsoftwares.com/cbp_bca_bsc.html]
[www.brrsoftwares.com/recruitment.html]
[www.brrsoftwares.com/covid-19.html]
[www.brrsoftwares.com/contact.html]
[www.brrsoftwares.com/assets/img/gallery/section_bg02.jpg]
[www.brrsoftwares.com/assets/img/gallery/about.png]
[www.brrsoftwares.com/assets/img/gallery/footer_bg.jpg]
[www.brrsoftwares.com/assets/js/vendor/modernizr-3.5.0.min.js]
[www.brrsoftwares.com/assets/js/vendor/jquery-1.12.4.min.js]
[www.brrsoftwares.com/assets/js/popper.min.js]
[www.brrsoftwares.com/assets/js/bootstrap.min.js]
[www.brrsoftwares.com/assets/js/jquery.slicknav.min.js]
[www.brrsoftwares.com/assets/js/owl.carousel.min.js]
[www.brrsoftwares.com/assets/js/slick.min.js]
[www.brrsoftwares.com/assets/js/wow.min.js]
[www.brrsoftwares.com/assets/js/animated.headline.js]
[www.brrsoftwares.com/assets/js/jquery.magnific-popup.js]
[www.brrsoftwares.com/assets/js/jquery.nice-select.min.js]
[www.brrsoftwares.com/assets/js/jquery.sticky.js]
[cdnjs.cloudflare.com/ajax/libs/waypoints/2.0.3/waypoints.min.js]
[www.brrsoftwares.com/assets/js/jquery.counterup.min.js]
[www.brrsoftwares.com/assets/js/contact.js]
[www.brrsoftwares.com/assets/js/jquery.form.js]
[www.brrsoftwares.com/assets/js/jquery.validate.min.js]
[www.brrsoftwares.com/assets/js/mail-script.js]
[www.brrsoftwares.com/assets/js/jquery.ajaxchimp.min.js]
[www.brrsoftwares.com/assets/js/plugins.js]
[www.brrsoftwares.com/assets/js/main.js]
[www.brrsoftwares.com/index.html]
[www.brrsoftwares.com/site.html]
[www.brrsoftwares.com/assets/css/bootstrap.min.css]
[www.brrsoftwares.com/assets/css/owl.carousel.min.css]
[www.brrsoftwares.com/assets/css/slicknav.css]
[www.brrsoftwares.com/assets/fonts/Flaticon.woff2]
[www.brrsoftwares.com/assets/fonts/Flaticon.woff]
[www.brrsoftwares.com/assets/fonts/Flaticon.ttf]
[www.brrsoftwares.com/assets/css/flaticon.css]
[www.brrsoftwares.com/assets/css/animate.min.css]
[www.brrsoftwares.com/assets/css/magnific-popup.css]
[www.brrsoftwares.com/assets/fonts/fa-brands-400.eot]
[www.brrsoftwares.com/assets/fonts/fa-brands-400d41d.eot]
[www.brrsoftwares.com/assets/fonts/fa-brands-400.woff2]
[www.brrsoftwares.com/assets/fonts/fa-brands-400.woff]
[www.brrsoftwares.com/assets/fonts/fa-brands-400.ttf]
[www.brrsoftwares.com/assets/fonts/fa-regular-400.eot]
[www.brrsoftwares.com/assets/fonts/fa-regular-400d41d.eot]
[www.brrsoftwares.com/assets/fonts/fa-regular-400.woff2]
[www.brrsoftwares.com/assets/fonts/fa-regular-400.woff]
[www.brrsoftwares.com/assets/fonts/fa-regular-400.ttf]
[www.brrsoftwares.com/assets/fonts/fa-solid-900.eot]
[www.brrsoftwares.com/assets/fonts/fa-solid-900d41d.eot]
[www.brrsoftwares.com/assets/fonts/fa-solid-900.woff2]
[www.brrsoftwares.com/assets/fonts/fa-solid-900.woff]
[www.brrsoftwares.com/assets/fonts/fa-solid-900.ttf]
[www.brrsoftwares.com/assets/css/fontawesome-all.min.css]
[www.brrsoftwares.com/assets/fonts/themify9f24.eot]
[www.brrsoftwares.com/assets/fonts/themifyd41d.eot]
[www.brrsoftwares.com/assets/fonts/themify9f24.woff]
[www.brrsoftwares.com/assets/fonts/themify9f24.ttf]
[www.brrsoftwares.com/assets/css/themify-icons.css]
[www.brrsoftwares.com/assets/css/slick.css]
[www.brrsoftwares.com/assets/css/nice-select.css]
[www.brrsoftwares.com/assets/img/hero/hero2.jpg]
[www.brrsoftwares.com/assets/img/hero/h1_hero.jpg]
[www.brrsoftwares.com/assets/css/style.css]
[www.brrsoftwares.com/assets/css/login.css]
[www.brrsoftwares.com/about.html]
[www.brrsoftwares.com/login.html]
[www.brrsoftwares.com/index-2.html]
[www.brrsoftwares.com/services.html]
[www.brrsoftwares.com/careers.html]
[www.brrsoftwares.com/cbp_details.html]
[www.brrsoftwares.com/cbp_bca_bsc.html]
[www.brrsoftwares.com/recruitment.html]
[www.brrsoftwares.com/covid-19.html]
[maps.gstatic.com/mapfiles/api-3/images/google_white5.png]
[www.brrsoftwares.com/contact.html]
[www.brrsoftwares.com/assets/css/owl.video.play.html]
[www.brrsoftwares.com/assets/fonts/Flaticon.html]
[www.brrsoftwares.com/assets/fonts/Flaticond41d.html]
[www.brrsoftwares.com/assets/fonts/Flaticon.svg]
[www.brrsoftwares.com/assets/fonts/fa-brands-400.svg]
[www.brrsoftwares.com/assets/fonts/fa-regular-400.svg]
[www.brrsoftwares.com/assets/fonts/fa-solid-900.svg]
[www.brrsoftwares.com/assets/fonts/themify9f24.svg]
[www.brrsoftwares.com/assets/img/slider/slider-img-1.html]
[www.brrsoftwares.com/assets/img/background-img/bg-img-2.html]
[www.brrsoftwares.com/assets/img/background-img/bg-img-3.html]
[www.brrsoftwares.com/assets/img/banner/bradcam.html]
[www.brrsoftwares.com/assets/img/banner/bradcam2.html]
[www.brrsoftwares.com/assets/img/banner/bradcam3.html]
[www.brrsoftwares.com/assets/img/elements/primary-check.html]
[www.brrsoftwares.com/assets/img/elements/success-check.html]
[www.brrsoftwares.com/assets/img/elements/disabled-check.html]
[www.brrsoftwares.com/assets/img/elements/primary-radio.html]
[www.brrsoftwares.com/assets/img/elements/success-radio.html]
[www.brrsoftwares.com/assets/img/elements/disabled-radio.html]
[www.brrsoftwares.com/_https_/maps.gstatic.com/mapfiles/openhand_8_8.html]
